[2019-07-23T22:43:07.806+0800][gc,heap] Heap region size: 1M
[2019-07-23T22:43:07.816+0800][gc     ] Using G1
[2019-07-23T22:43:07.816+0800][gc,heap,coops] Heap address: 0x0000000780000000, size: 1024 MB, Compressed Oops mode: Zero based, Oop shift amount: 3
[2019-07-23T22:43:08.720+0800][gc,start     ] GC(0) Pause Initial Mark (Metadata GC Threshold)
[2019-07-23T22:43:08.720+0800][gc,task      ] GC(0) Using 10 workers of 10 for evacuation
[2019-07-23T22:43:08.726+0800][gc,phases    ] GC(0)   Pre Evacuate Collection Set: 0.0ms
[2019-07-23T22:43:08.726+0800][gc,phases    ] GC(0)   Evacuate Collection Set: 5.1ms
[2019-07-23T22:43:08.726+0800][gc,phases    ] GC(0)   Post Evacuate Collection Set: 0.2ms
[2019-07-23T22:43:08.726+0800][gc,phases    ] GC(0)   Other: 0.6ms
[2019-07-23T22:43:08.726+0800][gc,heap      ] GC(0) Eden regions: 44->0(44)
[2019-07-23T22:43:08.726+0800][gc,heap      ] GC(0) Survivor regions: 0->7(7)
[2019-07-23T22:43:08.726+0800][gc,heap      ] GC(0) Old regions: 0->0
[2019-07-23T22:43:08.726+0800][gc,heap      ] GC(0) Humongous regions: 1->1
[2019-07-23T22:43:08.726+0800][gc,metaspace ] GC(0) Metaspace: 20674K->20674K(1069056K)
[2019-07-23T22:43:08.726+0800][gc           ] GC(0) Pause Initial Mark (Metadata GC Threshold) 44M->7M(1024M) 6.145ms
[2019-07-23T22:43:08.726+0800][gc,cpu       ] GC(0) User=0.03s Sys=0.01s Real=0.00s
[2019-07-23T22:43:08.726+0800][gc           ] GC(1) Concurrent Cycle
[2019-07-23T22:43:08.726+0800][gc,marking   ] GC(1) Concurrent Clear Claimed Marks
[2019-07-23T22:43:08.726+0800][gc,marking   ] GC(1) Concurrent Clear Claimed Marks 0.029ms
[2019-07-23T22:43:08.726+0800][gc,marking   ] GC(1) Concurrent Scan Root Regions
[2019-07-23T22:43:08.727+0800][gc,marking   ] GC(1) Concurrent Scan Root Regions 1.042ms
[2019-07-23T22:43:08.727+0800][gc,marking   ] GC(1) Concurrent Mark (0.930s)
[2019-07-23T22:43:08.727+0800][gc,marking   ] GC(1) Concurrent Mark From Roots
[2019-07-23T22:43:08.727+0800][gc,task      ] GC(1) Using 3 workers of 3 for marking
[2019-07-23T22:43:08.727+0800][gc,marking   ] GC(1) Concurrent Mark From Roots 0.184ms
[2019-07-23T22:43:08.727+0800][gc,marking   ] GC(1) Concurrent Mark (0.930s, 0.930s) 0.225ms
[2019-07-23T22:43:08.728+0800][gc,start     ] GC(1) Pause Remark
[2019-07-23T22:43:08.730+0800][gc,stringtable] GC(1) Cleaned string and symbol table, strings: 8177 processed, 0 removed, symbols: 66602 processed, 35 removed
[2019-07-23T22:43:08.730+0800][gc            ] GC(1) Pause Remark 7M->7M(1024M) 2.040ms
[2019-07-23T22:43:08.730+0800][gc,cpu        ] GC(1) User=0.01s Sys=0.00s Real=0.01s
[2019-07-23T22:43:08.730+0800][gc,marking    ] GC(1) Concurrent Create Live Data
[2019-07-23T22:43:08.730+0800][gc,marking    ] GC(1) Concurrent Create Live Data 0.107ms
[2019-07-23T22:43:08.730+0800][gc,start      ] GC(1) Pause Cleanup
[2019-07-23T22:43:08.731+0800][gc            ] GC(1) Pause Cleanup 7M->7M(1024M) 0.386ms
[2019-07-23T22:43:08.731+0800][gc,cpu        ] GC(1) User=0.01s Sys=0.00s Real=0.00s
[2019-07-23T22:43:08.731+0800][gc,marking    ] GC(1) Concurrent Cleanup for Next Mark
[2019-07-23T22:43:08.736+0800][gc,marking    ] GC(1) Concurrent Cleanup for Next Mark 4.946ms
[2019-07-23T22:43:08.736+0800][gc            ] GC(1) Concurrent Cycle 9.789ms
[2019-07-23T22:43:09.346+0800][gc,start      ] GC(2) Pause Young (G1 Evacuation Pause)
[2019-07-23T22:43:09.346+0800][gc,task       ] GC(2) Using 10 workers of 10 for evacuation
[2019-07-23T22:43:09.353+0800][gc,phases     ] GC(2)   Pre Evacuate Collection Set: 0.0ms
[2019-07-23T22:43:09.353+0800][gc,phases     ] GC(2)   Evacuate Collection Set: 7.1ms
[2019-07-23T22:43:09.353+0800][gc,phases     ] GC(2)   Post Evacuate Collection Set: 0.3ms
[2019-07-23T22:43:09.353+0800][gc,phases     ] GC(2)   Other: 0.2ms
[2019-07-23T22:43:09.353+0800][gc,heap       ] GC(2) Eden regions: 44->0(47)
[2019-07-23T22:43:09.353+0800][gc,heap       ] GC(2) Survivor regions: 7->4(7)
[2019-07-23T22:43:09.353+0800][gc,heap       ] GC(2) Old regions: 0->7
[2019-07-23T22:43:09.353+0800][gc,heap       ] GC(2) Humongous regions: 130->130
[2019-07-23T22:43:09.353+0800][gc,metaspace  ] GC(2) Metaspace: 29058K->29058K(1075200K)
[2019-07-23T22:43:09.353+0800][gc            ] GC(2) Pause Young (G1 Evacuation Pause) 180M->139M(1024M) 7.773ms
[2019-07-23T22:43:09.353+0800][gc,cpu        ] GC(2) User=0.07s Sys=0.01s Real=0.01s
[2019-07-23T22:43:09.968+0800][gc,start      ] GC(3) Pause Initial Mark (Metadata GC Threshold)
[2019-07-23T22:43:09.968+0800][gc,task       ] GC(3) Using 10 workers of 10 for evacuation
[2019-07-23T22:43:09.973+0800][gc,phases     ] GC(3)   Pre Evacuate Collection Set: 0.0ms
[2019-07-23T22:43:09.973+0800][gc,phases     ] GC(3)   Evacuate Collection Set: 3.6ms
[2019-07-23T22:43:09.973+0800][gc,phases     ] GC(3)   Post Evacuate Collection Set: 0.2ms
[2019-07-23T22:43:09.973+0800][gc,phases     ] GC(3)   Other: 0.2ms
[2019-07-23T22:43:09.973+0800][gc,heap       ] GC(3) Eden regions: 44->0(45)
[2019-07-23T22:43:09.973+0800][gc,heap       ] GC(3) Survivor regions: 4->6(7)
[2019-07-23T22:43:09.973+0800][gc,heap       ] GC(3) Old regions: 7->7
[2019-07-23T22:43:09.973+0800][gc,heap       ] GC(3) Humongous regions: 136->130
[2019-07-23T22:43:09.973+0800][gc,metaspace  ] GC(3) Metaspace: 34882K->34882K(1081344K)
[2019-07-23T22:43:09.973+0800][gc            ] GC(3) Pause Initial Mark (Metadata GC Threshold) 189M->141M(1024M) 4.244ms
[2019-07-23T22:43:09.973+0800][gc,cpu        ] GC(3) User=0.04s Sys=0.00s Real=0.01s
[2019-07-23T22:43:09.973+0800][gc            ] GC(4) Concurrent Cycle
[2019-07-23T22:43:09.973+0800][gc,marking    ] GC(4) Concurrent Clear Claimed Marks
[2019-07-23T22:43:09.973+0800][gc,marking    ] GC(4) Concurrent Clear Claimed Marks 0.041ms
[2019-07-23T22:43:09.973+0800][gc,marking    ] GC(4) Concurrent Scan Root Regions
[2019-07-23T22:43:09.974+0800][gc,marking    ] GC(4) Concurrent Scan Root Regions 1.433ms
[2019-07-23T22:43:09.974+0800][gc,marking    ] GC(4) Concurrent Mark (2.177s)
[2019-07-23T22:43:09.974+0800][gc,marking    ] GC(4) Concurrent Mark From Roots
[2019-07-23T22:43:09.974+0800][gc,task       ] GC(4) Using 3 workers of 3 for marking
[2019-07-23T22:43:09.978+0800][gc,marking    ] GC(4) Concurrent Mark From Roots 3.219ms
[2019-07-23T22:43:09.978+0800][gc,marking    ] GC(4) Concurrent Mark (2.177s, 2.180s) 3.271ms
[2019-07-23T22:43:09.978+0800][gc,start      ] GC(4) Pause Remark
[2019-07-23T22:43:09.981+0800][gc,stringtable] GC(4) Cleaned string and symbol table, strings: 13385 processed, 5 removed, symbols: 95243 processed, 15 removed
[2019-07-23T22:43:09.981+0800][gc            ] GC(4) Pause Remark 142M->142M(1024M) 3.351ms
[2019-07-23T22:43:09.981+0800][gc,cpu        ] GC(4) User=0.03s Sys=0.00s Real=0.01s
[2019-07-23T22:43:09.981+0800][gc,marking    ] GC(4) Concurrent Create Live Data
[2019-07-23T22:43:09.982+0800][gc,marking    ] GC(4) Concurrent Create Live Data 0.743ms
[2019-07-23T22:43:09.982+0800][gc,start      ] GC(4) Pause Cleanup
[2019-07-23T22:43:09.982+0800][gc            ] GC(4) Pause Cleanup 142M->142M(1024M) 0.333ms
[2019-07-23T22:43:09.982+0800][gc,cpu        ] GC(4) User=0.00s Sys=0.00s Real=0.00s
[2019-07-23T22:43:09.982+0800][gc,marking    ] GC(4) Concurrent Cleanup for Next Mark
[2019-07-23T22:43:09.988+0800][gc,marking    ] GC(4) Concurrent Cleanup for Next Mark 6.102ms
[2019-07-23T22:43:09.989+0800][gc            ] GC(4) Concurrent Cycle 15.784ms
[2019-07-23T22:51:39.879+0800][gc,start      ] GC(5) Pause Young (G1 Evacuation Pause)
[2019-07-23T22:51:39.880+0800][gc,task       ] GC(5) Using 10 workers of 10 for evacuation
[2019-07-23T22:51:39.912+0800][gc,mmu        ] GC(5) MMU target violated: 21.0ms (20.0ms/21.0ms)
[2019-07-23T22:51:39.912+0800][gc,phases     ] GC(5)   Pre Evacuate Collection Set: 2.6ms
[2019-07-23T22:51:39.912+0800][gc,phases     ] GC(5)   Evacuate Collection Set: 29.1ms
[2019-07-23T22:51:39.912+0800][gc,phases     ] GC(5)   Post Evacuate Collection Set: 0.3ms
[2019-07-23T22:51:39.912+0800][gc,phases     ] GC(5)   Other: 1.1ms
[2019-07-23T22:51:39.912+0800][gc,heap       ] GC(5) Eden regions: 45->0(46)
[2019-07-23T22:51:39.912+0800][gc,heap       ] GC(5) Survivor regions: 6->5(7)
[2019-07-23T22:51:39.913+0800][gc,heap       ] GC(5) Old regions: 7->9
[2019-07-23T22:51:39.913+0800][gc,heap       ] GC(5) Humongous regions: 130->130
[2019-07-23T22:51:39.913+0800][gc,metaspace  ] GC(5) Metaspace: 37442K->37442K(1083392K)
[2019-07-23T22:51:39.913+0800][gc            ] GC(5) Pause Young (G1 Evacuation Pause) 186M->143M(1024M) 33.272ms
[2019-07-23T22:51:39.913+0800][gc,cpu        ] GC(5) User=0.04s Sys=0.12s Real=0.04s
[2019-07-23T23:02:35.406+0800][gc,start      ] GC(6) Pause Young (G1 Evacuation Pause)
[2019-07-23T23:02:35.407+0800][gc,task       ] GC(6) Using 10 workers of 10 for evacuation
[2019-07-23T23:02:35.429+0800][gc,mmu        ] GC(6) MMU target violated: 21.0ms (20.0ms/21.0ms)
[2019-07-23T23:02:35.429+0800][gc,phases     ] GC(6)   Pre Evacuate Collection Set: 1.2ms
[2019-07-23T23:02:35.429+0800][gc,phases     ] GC(6)   Evacuate Collection Set: 20.4ms
[2019-07-23T23:02:35.429+0800][gc,phases     ] GC(6)   Post Evacuate Collection Set: 0.4ms
[2019-07-23T23:02:35.429+0800][gc,phases     ] GC(6)   Other: 1.1ms
[2019-07-23T23:02:35.429+0800][gc,heap       ] GC(6) Eden regions: 46->0(49)
[2019-07-23T23:02:35.429+0800][gc,heap       ] GC(6) Survivor regions: 5->2(7)
[2019-07-23T23:02:35.429+0800][gc,heap       ] GC(6) Old regions: 9->12
[2019-07-23T23:02:35.429+0800][gc,heap       ] GC(6) Humongous regions: 130->130
[2019-07-23T23:02:35.429+0800][gc,metaspace  ] GC(6) Metaspace: 37727K->37727K(1083392K)
[2019-07-23T23:02:35.429+0800][gc            ] GC(6) Pause Young (G1 Evacuation Pause) 189M->143M(1024M) 23.174ms
[2019-07-23T23:02:35.429+0800][gc,cpu        ] GC(6) User=0.03s Sys=0.10s Real=0.02s
[2019-07-23T23:16:39.182+0800][gc,start      ] GC(7) Pause Young (G1 Evacuation Pause)
[2019-07-23T23:16:39.183+0800][gc,task       ] GC(7) Using 10 workers of 10 for evacuation
[2019-07-23T23:16:39.206+0800][gc,mmu        ] GC(7) MMU target violated: 21.0ms (20.0ms/21.0ms)
[2019-07-23T23:16:39.206+0800][gc,phases     ] GC(7)   Pre Evacuate Collection Set: 2.0ms
[2019-07-23T23:16:39.206+0800][gc,phases     ] GC(7)   Evacuate Collection Set: 19.5ms
[2019-07-23T23:16:39.206+0800][gc,phases     ] GC(7)   Post Evacuate Collection Set: 0.3ms
[2019-07-23T23:16:39.206+0800][gc,phases     ] GC(7)   Other: 2.1ms
[2019-07-23T23:16:39.206+0800][gc,heap       ] GC(7) Eden regions: 49->0(47)
[2019-07-23T23:16:39.206+0800][gc,heap       ] GC(7) Survivor regions: 2->4(7)
[2019-07-23T23:16:39.206+0800][gc,heap       ] GC(7) Old regions: 12->12
[2019-07-23T23:16:39.206+0800][gc,heap       ] GC(7) Humongous regions: 130->130
[2019-07-23T23:16:39.206+0800][gc,metaspace  ] GC(7) Metaspace: 37884K->37884K(1083392K)
[2019-07-23T23:16:39.206+0800][gc            ] GC(7) Pause Young (G1 Evacuation Pause) 192M->144M(1024M) 24.045ms
[2019-07-23T23:16:39.206+0800][gc,cpu        ] GC(7) User=0.06s Sys=0.08s Real=0.02s
[2019-07-23T23:31:37.571+0800][gc,start      ] GC(8) Pause Young (G1 Evacuation Pause)
[2019-07-23T23:31:37.571+0800][gc,task       ] GC(8) Using 10 workers of 10 for evacuation
[2019-07-23T23:31:37.594+0800][gc,mmu        ] GC(8) MMU target violated: 21.0ms (20.0ms/21.0ms)
[2019-07-23T23:31:37.594+0800][gc,phases     ] GC(8)   Pre Evacuate Collection Set: 1.4ms
[2019-07-23T23:31:37.594+0800][gc,phases     ] GC(8)   Evacuate Collection Set: 20.5ms
[2019-07-23T23:31:37.594+0800][gc,phases     ] GC(8)   Post Evacuate Collection Set: 0.3ms
[2019-07-23T23:31:37.594+0800][gc,phases     ] GC(8)   Other: 1.5ms
[2019-07-23T23:31:37.594+0800][gc,heap       ] GC(8) Eden regions: 47->0(47)
[2019-07-23T23:31:37.594+0800][gc,heap       ] GC(8) Survivor regions: 4->4(7)
[2019-07-23T23:31:37.594+0800][gc,heap       ] GC(8) Old regions: 12->12
[2019-07-23T23:31:37.594+0800][gc,heap       ] GC(8) Humongous regions: 130->130
[2019-07-23T23:31:37.594+0800][gc,metaspace  ] GC(8) Metaspace: 37957K->37957K(1083392K)
[2019-07-23T23:31:37.594+0800][gc            ] GC(8) Pause Young (G1 Evacuation Pause) 191M->144M(1024M) 23.716ms
[2019-07-23T23:31:37.594+0800][gc,cpu        ] GC(8) User=0.06s Sys=0.09s Real=0.02s
[2019-07-23T23:43:09.766+0800][gc,start      ] GC(9) Pause Young (G1 Evacuation Pause)
[2019-07-23T23:43:09.767+0800][gc,task       ] GC(9) Using 10 workers of 10 for evacuation
[2019-07-23T23:43:09.780+0800][gc,phases     ] GC(9)   Pre Evacuate Collection Set: 1.4ms
[2019-07-23T23:43:09.780+0800][gc,phases     ] GC(9)   Evacuate Collection Set: 11.3ms
[2019-07-23T23:43:09.780+0800][gc,phases     ] GC(9)   Post Evacuate Collection Set: 0.3ms
[2019-07-23T23:43:09.780+0800][gc,phases     ] GC(9)   Other: 1.0ms
[2019-07-23T23:43:09.780+0800][gc,heap       ] GC(9) Eden regions: 47->0(48)
[2019-07-23T23:43:09.780+0800][gc,heap       ] GC(9) Survivor regions: 4->3(7)
[2019-07-23T23:43:09.781+0800][gc,heap       ] GC(9) Old regions: 12->12
[2019-07-23T23:43:09.781+0800][gc,heap       ] GC(9) Humongous regions: 130->130
[2019-07-23T23:43:09.781+0800][gc,metaspace  ] GC(9) Metaspace: 38154K->38154K(1083392K)
[2019-07-23T23:43:09.781+0800][gc            ] GC(9) Pause Young (G1 Evacuation Pause) 191M->143M(1024M) 14.095ms
[2019-07-23T23:43:09.781+0800][gc,cpu        ] GC(9) User=0.02s Sys=0.04s Real=0.02s
[2019-07-24T00:27:13.103+0800][gc,start      ] GC(10) Pause Young (G1 Evacuation Pause)
[2019-07-24T00:27:13.103+0800][gc,task       ] GC(10) Using 10 workers of 10 for evacuation
[2019-07-24T00:27:13.121+0800][gc,phases     ] GC(10)   Pre Evacuate Collection Set: 2.1ms
[2019-07-24T00:27:13.121+0800][gc,phases     ] GC(10)   Evacuate Collection Set: 14.5ms
[2019-07-24T00:27:13.121+0800][gc,phases     ] GC(10)   Post Evacuate Collection Set: 0.3ms
[2019-07-24T00:27:13.121+0800][gc,phases     ] GC(10)   Other: 0.7ms
[2019-07-24T00:27:13.121+0800][gc,heap       ] GC(10) Eden regions: 48->0(47)
[2019-07-24T00:27:13.121+0800][gc,heap       ] GC(10) Survivor regions: 3->4(7)
[2019-07-24T00:27:13.121+0800][gc,heap       ] GC(10) Old regions: 12->12
[2019-07-24T00:27:13.121+0800][gc,heap       ] GC(10) Humongous regions: 130->130
[2019-07-24T00:27:13.121+0800][gc,metaspace  ] GC(10) Metaspace: 38227K->38227K(1083392K)
[2019-07-24T00:27:13.121+0800][gc            ] GC(10) Pause Young (G1 Evacuation Pause) 191M->144M(1024M) 17.693ms
[2019-07-24T00:27:13.121+0800][gc,cpu        ] GC(10) User=0.03s Sys=0.07s Real=0.02s
[2019-07-24T00:50:00.377+0800][gc,start      ] GC(11) Pause Young (G1 Evacuation Pause)
[2019-07-24T00:50:00.378+0800][gc,task       ] GC(11) Using 10 workers of 10 for evacuation
[2019-07-24T00:50:00.403+0800][gc,mmu        ] GC(11) MMU target violated: 21.0ms (20.0ms/21.0ms)
[2019-07-24T00:50:00.403+0800][gc,phases     ] GC(11)   Pre Evacuate Collection Set: 1.1ms
[2019-07-24T00:50:00.403+0800][gc,phases     ] GC(11)   Evacuate Collection Set: 23.1ms
[2019-07-24T00:50:00.403+0800][gc,phases     ] GC(11)   Post Evacuate Collection Set: 0.3ms
[2019-07-24T00:50:00.403+0800][gc,phases     ] GC(11)   Other: 0.9ms
[2019-07-24T00:50:00.403+0800][gc,heap       ] GC(11) Eden regions: 47->0(47)
[2019-07-24T00:50:00.403+0800][gc,heap       ] GC(11) Survivor regions: 4->4(7)
[2019-07-24T00:50:00.403+0800][gc,heap       ] GC(11) Old regions: 12->12
[2019-07-24T00:50:00.403+0800][gc,heap       ] GC(11) Humongous regions: 130->130
[2019-07-24T00:50:00.403+0800][gc,metaspace  ] GC(11) Metaspace: 38235K->38235K(1083392K)
[2019-07-24T00:50:00.403+0800][gc            ] GC(11) Pause Young (G1 Evacuation Pause) 191M->144M(1024M) 25.422ms
[2019-07-24T00:50:00.403+0800][gc,cpu        ] GC(11) User=0.05s Sys=0.10s Real=0.03s
