[2019-07-23T22:40:59.046+0800][gc,heap] Heap region size: 1M
[2019-07-23T22:40:59.057+0800][gc     ] Using G1
[2019-07-23T22:40:59.057+0800][gc,heap,coops] Heap address: 0x0000000780000000, size: 1024 MB, Compressed Oops mode: Zero based, Oop shift amount: 3
[2019-07-23T22:40:59.931+0800][gc,start     ] GC(0) Pause Initial Mark (Metadata GC Threshold)
[2019-07-23T22:40:59.931+0800][gc,task      ] GC(0) Using 10 workers of 10 for evacuation
[2019-07-23T22:40:59.937+0800][gc,phases    ] GC(0)   Pre Evacuate Collection Set: 0.0ms
[2019-07-23T22:40:59.937+0800][gc,phases    ] GC(0)   Evacuate Collection Set: 4.9ms
[2019-07-23T22:40:59.937+0800][gc,phases    ] GC(0)   Post Evacuate Collection Set: 0.3ms
[2019-07-23T22:40:59.937+0800][gc,phases    ] GC(0)   Other: 0.3ms
[2019-07-23T22:40:59.937+0800][gc,heap      ] GC(0) Eden regions: 44->0(44)
[2019-07-23T22:40:59.937+0800][gc,heap      ] GC(0) Survivor regions: 0->7(7)
[2019-07-23T22:40:59.937+0800][gc,heap      ] GC(0) Old regions: 0->0
[2019-07-23T22:40:59.937+0800][gc,heap      ] GC(0) Humongous regions: 1->1
[2019-07-23T22:40:59.937+0800][gc,metaspace ] GC(0) Metaspace: 20734K->20734K(1069056K)
[2019-07-23T22:40:59.937+0800][gc           ] GC(0) Pause Initial Mark (Metadata GC Threshold) 44M->7M(1024M) 5.728ms
[2019-07-23T22:40:59.937+0800][gc,cpu       ] GC(0) User=0.03s Sys=0.01s Real=0.00s
[2019-07-23T22:40:59.937+0800][gc           ] GC(1) Concurrent Cycle
[2019-07-23T22:40:59.937+0800][gc,marking   ] GC(1) Concurrent Clear Claimed Marks
[2019-07-23T22:40:59.937+0800][gc,marking   ] GC(1) Concurrent Clear Claimed Marks 0.030ms
[2019-07-23T22:40:59.937+0800][gc,marking   ] GC(1) Concurrent Scan Root Regions
[2019-07-23T22:40:59.939+0800][gc,marking   ] GC(1) Concurrent Scan Root Regions 1.432ms
[2019-07-23T22:40:59.939+0800][gc,marking   ] GC(1) Concurrent Mark (0.901s)
[2019-07-23T22:40:59.939+0800][gc,marking   ] GC(1) Concurrent Mark From Roots
[2019-07-23T22:40:59.939+0800][gc,task      ] GC(1) Using 3 workers of 3 for marking
[2019-07-23T22:40:59.939+0800][gc,marking   ] GC(1) Concurrent Mark From Roots 0.182ms
[2019-07-23T22:40:59.939+0800][gc,marking   ] GC(1) Concurrent Mark (0.901s, 0.901s) 0.215ms
[2019-07-23T22:40:59.939+0800][gc,start     ] GC(1) Pause Remark
[2019-07-23T22:40:59.941+0800][gc,stringtable] GC(1) Cleaned string and symbol table, strings: 8196 processed, 0 removed, symbols: 66777 processed, 36 removed
[2019-07-23T22:40:59.941+0800][gc            ] GC(1) Pause Remark 7M->7M(1024M) 2.103ms
[2019-07-23T22:40:59.941+0800][gc,cpu        ] GC(1) User=0.01s Sys=0.00s Real=0.01s
[2019-07-23T22:40:59.941+0800][gc,marking    ] GC(1) Concurrent Create Live Data
[2019-07-23T22:40:59.941+0800][gc,marking    ] GC(1) Concurrent Create Live Data 0.105ms
[2019-07-23T22:40:59.941+0800][gc,start      ] GC(1) Pause Cleanup
[2019-07-23T22:40:59.942+0800][gc            ] GC(1) Pause Cleanup 7M->7M(1024M) 0.521ms
[2019-07-23T22:40:59.942+0800][gc,cpu        ] GC(1) User=0.01s Sys=0.00s Real=0.00s
[2019-07-23T22:40:59.942+0800][gc,marking    ] GC(1) Concurrent Cleanup for Next Mark
[2019-07-23T22:40:59.948+0800][gc,marking    ] GC(1) Concurrent Cleanup for Next Mark 6.086ms
[2019-07-23T22:40:59.948+0800][gc            ] GC(1) Concurrent Cycle 10.987ms
[2019-07-23T22:41:00.864+0800][gc,start      ] GC(2) Pause Young (G1 Evacuation Pause)
[2019-07-23T22:41:00.864+0800][gc,task       ] GC(2) Using 10 workers of 10 for evacuation
[2019-07-23T22:41:00.871+0800][gc,phases     ] GC(2)   Pre Evacuate Collection Set: 0.0ms
[2019-07-23T22:41:00.871+0800][gc,phases     ] GC(2)   Evacuate Collection Set: 6.2ms
[2019-07-23T22:41:00.871+0800][gc,phases     ] GC(2)   Post Evacuate Collection Set: 0.4ms
[2019-07-23T22:41:00.871+0800][gc,phases     ] GC(2)   Other: 0.2ms
[2019-07-23T22:41:00.871+0800][gc,heap       ] GC(2) Eden regions: 44->0(48)
[2019-07-23T22:41:00.871+0800][gc,heap       ] GC(2) Survivor regions: 7->3(7)
[2019-07-23T22:41:00.871+0800][gc,heap       ] GC(2) Old regions: 0->7
[2019-07-23T22:41:00.871+0800][gc,heap       ] GC(2) Humongous regions: 130->130
[2019-07-23T22:41:00.871+0800][gc,metaspace  ] GC(2) Metaspace: 28926K->28926K(1075200K)
[2019-07-23T22:41:00.871+0800][gc            ] GC(2) Pause Young (G1 Evacuation Pause) 180M->138M(1024M) 6.921ms
[2019-07-23T22:41:00.871+0800][gc,cpu        ] GC(2) User=0.05s Sys=0.01s Real=0.01s
[2019-07-23T22:41:05.143+0800][gc,heap,exit  ] Heap
[2019-07-23T22:41:05.143+0800][gc,heap,exit  ]  garbage-first heap   total 1048576K, used 160695K [0x0000000780000000, 0x00000007c0000000)
[2019-07-23T22:41:05.143+0800][gc,heap,exit  ]   region size 1024K, 22 young (22528K), 3 survivors (3072K)
[2019-07-23T22:41:05.143+0800][gc,heap,exit  ]  Metaspace       used 31237K, capacity 31739K, committed 32384K, reserved 1077248K
[2019-07-23T22:41:05.143+0800][gc,heap,exit  ]   class space    used 3745K, capacity 3906K, committed 3968K, reserved 1048576K
