[2019-07-23T22:33:38.238+0800][gc,heap] Heap region size: 1M
[2019-07-23T22:33:38.249+0800][gc     ] Using G1
[2019-07-23T22:33:38.249+0800][gc,heap,coops] Heap address: 0x0000000780000000, size: 1024 MB, Compressed Oops mode: Zero based, Oop shift amount: 3
[2019-07-23T22:33:39.261+0800][gc,start     ] GC(0) Pause Initial Mark (Metadata GC Threshold)
[2019-07-23T22:33:39.261+0800][gc,task      ] GC(0) Using 10 workers of 10 for evacuation
[2019-07-23T22:33:39.266+0800][gc,phases    ] GC(0)   Pre Evacuate Collection Set: 0.0ms
[2019-07-23T22:33:39.266+0800][gc,phases    ] GC(0)   Evacuate Collection Set: 4.5ms
[2019-07-23T22:33:39.266+0800][gc,phases    ] GC(0)   Post Evacuate Collection Set: 0.2ms
[2019-07-23T22:33:39.266+0800][gc,phases    ] GC(0)   Other: 0.3ms
[2019-07-23T22:33:39.266+0800][gc,heap      ] GC(0) Eden regions: 44->0(44)
[2019-07-23T22:33:39.266+0800][gc,heap      ] GC(0) Survivor regions: 0->7(7)
[2019-07-23T22:33:39.266+0800][gc,heap      ] GC(0) Old regions: 0->0
[2019-07-23T22:33:39.266+0800][gc,heap      ] GC(0) Humongous regions: 1->1
[2019-07-23T22:33:39.266+0800][gc,metaspace ] GC(0) Metaspace: 20666K->20666K(1069056K)
[2019-07-23T22:33:39.266+0800][gc           ] GC(0) Pause Initial Mark (Metadata GC Threshold) 44M->7M(1024M) 5.192ms
[2019-07-23T22:33:39.266+0800][gc,cpu       ] GC(0) User=0.03s Sys=0.01s Real=0.00s
[2019-07-23T22:33:39.266+0800][gc           ] GC(1) Concurrent Cycle
[2019-07-23T22:33:39.266+0800][gc,marking   ] GC(1) Concurrent Clear Claimed Marks
[2019-07-23T22:33:39.266+0800][gc,marking   ] GC(1) Concurrent Clear Claimed Marks 0.028ms
[2019-07-23T22:33:39.266+0800][gc,marking   ] GC(1) Concurrent Scan Root Regions
[2019-07-23T22:33:39.267+0800][gc,marking   ] GC(1) Concurrent Scan Root Regions 1.138ms
[2019-07-23T22:33:39.268+0800][gc,marking   ] GC(1) Concurrent Mark (1.038s)
[2019-07-23T22:33:39.268+0800][gc,marking   ] GC(1) Concurrent Mark From Roots
[2019-07-23T22:33:39.268+0800][gc,task      ] GC(1) Using 3 workers of 3 for marking
[2019-07-23T22:33:39.268+0800][gc,marking   ] GC(1) Concurrent Mark From Roots 0.164ms
[2019-07-23T22:33:39.268+0800][gc,marking   ] GC(1) Concurrent Mark (1.038s, 1.038s) 0.204ms
[2019-07-23T22:33:39.268+0800][gc,start     ] GC(1) Pause Remark
[2019-07-23T22:33:39.270+0800][gc,stringtable] GC(1) Cleaned string and symbol table, strings: 8174 processed, 0 removed, symbols: 66363 processed, 35 removed
[2019-07-23T22:33:39.270+0800][gc            ] GC(1) Pause Remark 7M->7M(1024M) 1.901ms
[2019-07-23T22:33:39.270+0800][gc,cpu        ] GC(1) User=0.01s Sys=0.00s Real=0.01s
[2019-07-23T22:33:39.270+0800][gc,marking    ] GC(1) Concurrent Create Live Data
[2019-07-23T22:33:39.270+0800][gc,marking    ] GC(1) Concurrent Create Live Data 0.098ms
[2019-07-23T22:33:39.270+0800][gc,start      ] GC(1) Pause Cleanup
[2019-07-23T22:33:39.270+0800][gc            ] GC(1) Pause Cleanup 7M->7M(1024M) 0.408ms
[2019-07-23T22:33:39.270+0800][gc,cpu        ] GC(1) User=0.00s Sys=0.00s Real=0.00s
[2019-07-23T22:33:39.271+0800][gc,marking    ] GC(1) Concurrent Cleanup for Next Mark
[2019-07-23T22:33:39.276+0800][gc,marking    ] GC(1) Concurrent Cleanup for Next Mark 5.805ms
[2019-07-23T22:33:39.276+0800][gc            ] GC(1) Concurrent Cycle 10.085ms
[2019-07-23T22:33:42.484+0800][gc,heap,exit  ] Heap
[2019-07-23T22:33:42.484+0800][gc,heap,exit  ]  garbage-first heap   total 1048576K, used 24623K [0x0000000780000000, 0x00000007c0000000)
[2019-07-23T22:33:42.484+0800][gc,heap,exit  ]   region size 1024K, 25 young (25600K), 7 survivors (7168K)
[2019-07-23T22:33:42.484+0800][gc,heap,exit  ]  Metaspace       used 24963K, capacity 25330K, committed 25728K, reserved 1071104K
[2019-07-23T22:33:42.484+0800][gc,heap,exit  ]   class space    used 2938K, capacity 3074K, committed 3200K, reserved 1048576K
