[2019-07-25T10:54:21.970+0800][gc,heap] Heap region size: 1M
[2019-07-25T10:54:21.981+0800][gc     ] Using G1
[2019-07-25T10:54:21.981+0800][gc,heap,coops] Heap address: 0x0000000780000000, size: 1024 MB, Compressed Oops mode: Zero based, Oop shift amount: 3
[2019-07-25T10:54:23.422+0800][gc,start     ] GC(0) Pause Initial Mark (Metadata GC Threshold)
[2019-07-25T10:54:23.422+0800][gc,task      ] GC(0) Using 10 workers of 10 for evacuation
[2019-07-25T10:54:23.429+0800][gc,phases    ] GC(0)   Pre Evacuate Collection Set: 0.0ms
[2019-07-25T10:54:23.429+0800][gc,phases    ] GC(0)   Evacuate Collection Set: 5.3ms
[2019-07-25T10:54:23.429+0800][gc,phases    ] GC(0)   Post Evacuate Collection Set: 0.2ms
[2019-07-25T10:54:23.429+0800][gc,phases    ] GC(0)   Other: 2.4ms
[2019-07-25T10:54:23.429+0800][gc,heap      ] GC(0) Eden regions: 44->0(44)
[2019-07-25T10:54:23.429+0800][gc,heap      ] GC(0) Survivor regions: 0->7(7)
[2019-07-25T10:54:23.429+0800][gc,heap      ] GC(0) Old regions: 0->0
[2019-07-25T10:54:23.429+0800][gc,heap      ] GC(0) Humongous regions: 1->1
[2019-07-25T10:54:23.429+0800][gc,metaspace ] GC(0) Metaspace: 20706K->20706K(1069056K)
[2019-07-25T10:54:23.429+0800][gc           ] GC(0) Pause Initial Mark (Metadata GC Threshold) 44M->7M(1024M) 7.434ms
[2019-07-25T10:54:23.429+0800][gc,cpu       ] GC(0) User=0.03s Sys=0.01s Real=0.00s
[2019-07-25T10:54:23.429+0800][gc           ] GC(1) Concurrent Cycle
[2019-07-25T10:54:23.429+0800][gc,marking   ] GC(1) Concurrent Clear Claimed Marks
[2019-07-25T10:54:23.429+0800][gc,marking   ] GC(1) Concurrent Clear Claimed Marks 0.034ms
[2019-07-25T10:54:23.429+0800][gc,marking   ] GC(1) Concurrent Scan Root Regions
[2019-07-25T10:54:23.431+0800][gc,marking   ] GC(1) Concurrent Scan Root Regions 1.329ms
[2019-07-25T10:54:23.431+0800][gc,marking   ] GC(1) Concurrent Mark (1.469s)
[2019-07-25T10:54:23.431+0800][gc,marking   ] GC(1) Concurrent Mark From Roots
[2019-07-25T10:54:23.431+0800][gc,task      ] GC(1) Using 3 workers of 3 for marking
[2019-07-25T10:54:23.431+0800][gc,marking   ] GC(1) Concurrent Mark From Roots 0.171ms
[2019-07-25T10:54:23.431+0800][gc,marking   ] GC(1) Concurrent Mark (1.469s, 1.469s) 0.537ms
[2019-07-25T10:54:23.431+0800][gc,start     ] GC(1) Pause Remark
[2019-07-25T10:54:23.434+0800][gc,stringtable] GC(1) Cleaned string and symbol table, strings: 8167 processed, 0 removed, symbols: 66722 processed, 35 removed
[2019-07-25T10:54:23.434+0800][gc            ] GC(1) Pause Remark 7M->7M(1024M) 2.508ms
[2019-07-25T10:54:23.434+0800][gc,cpu        ] GC(1) User=0.02s Sys=0.00s Real=0.00s
[2019-07-25T10:54:23.434+0800][gc,marking    ] GC(1) Concurrent Create Live Data
[2019-07-25T10:54:23.434+0800][gc,marking    ] GC(1) Concurrent Create Live Data 0.062ms
[2019-07-25T10:54:23.434+0800][gc,start      ] GC(1) Pause Cleanup
[2019-07-25T10:54:23.434+0800][gc            ] GC(1) Pause Cleanup 7M->7M(1024M) 0.396ms
[2019-07-25T10:54:23.434+0800][gc,cpu        ] GC(1) User=0.00s Sys=0.00s Real=0.00s
[2019-07-25T10:54:23.434+0800][gc,marking    ] GC(1) Concurrent Cleanup for Next Mark
[2019-07-25T10:54:23.439+0800][gc,marking    ] GC(1) Concurrent Cleanup for Next Mark 4.679ms
[2019-07-25T10:54:23.439+0800][gc            ] GC(1) Concurrent Cycle 9.958ms
[2019-07-25T10:54:24.043+0800][gc,start      ] GC(2) Pause Young (G1 Evacuation Pause)
[2019-07-25T10:54:24.043+0800][gc,task       ] GC(2) Using 10 workers of 10 for evacuation
[2019-07-25T10:54:24.053+0800][gc,phases     ] GC(2)   Pre Evacuate Collection Set: 0.0ms
[2019-07-25T10:54:24.053+0800][gc,phases     ] GC(2)   Evacuate Collection Set: 8.7ms
[2019-07-25T10:54:24.053+0800][gc,phases     ] GC(2)   Post Evacuate Collection Set: 0.4ms
[2019-07-25T10:54:24.053+0800][gc,phases     ] GC(2)   Other: 0.3ms
[2019-07-25T10:54:24.053+0800][gc,heap       ] GC(2) Eden regions: 44->0(46)
[2019-07-25T10:54:24.053+0800][gc,heap       ] GC(2) Survivor regions: 7->5(7)
[2019-07-25T10:54:24.053+0800][gc,heap       ] GC(2) Old regions: 0->6
[2019-07-25T10:54:24.053+0800][gc,heap       ] GC(2) Humongous regions: 130->130
[2019-07-25T10:54:24.053+0800][gc,metaspace  ] GC(2) Metaspace: 29479K->29479K(1077248K)
[2019-07-25T10:54:24.053+0800][gc            ] GC(2) Pause Young (G1 Evacuation Pause) 180M->140M(1024M) 9.626ms
[2019-07-25T10:54:24.053+0800][gc,cpu        ] GC(2) User=0.06s Sys=0.00s Real=0.01s
