[2019-07-23T22:43:07.806+0800][gc,heap] Heap region size: 1M
[2019-07-23T22:43:07.812+0800][gc     ] Using G1
[2019-07-23T22:43:07.812+0800][gc,heap,coops] Heap address: 0x00000007a0000000, size: 512 MB, Compressed Oops mode: Zero based, Oop shift amount: 3
[2019-07-23T23:17:36.666+0800][gc,start     ] GC(0) Pause Young (G1 Evacuation Pause)
[2019-07-23T23:17:36.668+0800][gc,task      ] GC(0) Using 10 workers of 10 for evacuation
[2019-07-23T23:17:36.712+0800][gc,mmu       ] GC(0) MMU target violated: 21.0ms (20.0ms/21.0ms)
[2019-07-23T23:17:36.712+0800][gc,phases    ] GC(0)   Pre Evacuate Collection Set: 0.8ms
[2019-07-23T23:17:36.712+0800][gc,phases    ] GC(0)   Evacuate Collection Set: 43.1ms
[2019-07-23T23:17:36.713+0800][gc,phases    ] GC(0)   Post Evacuate Collection Set: 0.4ms
[2019-07-23T23:17:36.713+0800][gc,phases    ] GC(0)   Other: 1.8ms
[2019-07-23T23:17:36.713+0800][gc,heap      ] GC(0) Eden regions: 25->0(21)
[2019-07-23T23:17:36.713+0800][gc,heap      ] GC(0) Survivor regions: 0->4(4)
[2019-07-23T23:17:36.713+0800][gc,heap      ] GC(0) Old regions: 0->2
[2019-07-23T23:17:36.713+0800][gc,heap      ] GC(0) Humongous regions: 1->1
[2019-07-23T23:17:36.713+0800][gc,metaspace ] GC(0) Metaspace: 15037K->15037K(1062912K)
[2019-07-23T23:17:36.713+0800][gc           ] GC(0) Pause Young (G1 Evacuation Pause) 26M->6M(512M) 46.190ms
[2019-07-23T23:17:36.713+0800][gc,cpu       ] GC(0) User=0.04s Sys=0.19s Real=0.05s
[2019-07-24T00:58:45.666+0800][gc,heap,exit ] Heap
[2019-07-24T00:58:45.666+0800][gc,heap,exit ]  garbage-first heap   total 524288K, used 12135K [0x00000007a0000000, 0x00000007c0000000)
[2019-07-24T00:58:45.666+0800][gc,heap,exit ]   region size 1024K, 10 young (10240K), 4 survivors (4096K)
[2019-07-24T00:58:45.666+0800][gc,heap,exit ]  Metaspace       used 15058K, capacity 15384K, committed 15744K, reserved 1062912K
[2019-07-24T00:58:45.666+0800][gc,heap,exit ]   class space    used 1433K, capacity 1555K, committed 1664K, reserved 1048576K
